// Jest Snapshot v1, https://goo.gl/fbAQLP

exports[`Login screen Render a snapshot for Login renderer 1`] = `
Object {
  "asFragment": [Function],
  "baseElement": <body>
    <div>
      <div
        class="login-container"
        data-testid="login-page"
      >
        <form>
          <h2
            class="title"
          >
            Login
          </h2>
          <hr
            class="title-line"
          />
          <div
            class="login-form-group"
          >
            <label
              for="username"
            >
              Username:
            </label>
            <input
              data-testid="username"
              id="username"
              name="username"
              required=""
              type="text"
              value="user"
            />
          </div>
          <div
            class="login-form-group"
          >
            <label
              for="password"
            >
              Password:
            </label>
            <input
              data-testid="password"
              id="password"
              name="password"
              required=""
              type="password"
              value="password"
            />
          </div>
          <div
            class="login-form-group"
          >
            <button
              data-testid="submit"
              type="submit"
            >
              Login
            </button>
          </div>
        </form>
      </div>
    </div>
  </body>,
  "container": <div>
    <div
      class="login-container"
      data-testid="login-page"
    >
      <form>
        <h2
          class="title"
        >
          Login
        </h2>
        <hr
          class="title-line"
        />
        <div
          class="login-form-group"
        >
          <label
            for="username"
          >
            Username:
          </label>
          <input
            data-testid="username"
            id="username"
            name="username"
            required=""
            type="text"
            value="user"
          />
        </div>
        <div
          class="login-form-group"
        >
          <label
            for="password"
          >
            Password:
          </label>
          <input
            data-testid="password"
            id="password"
            name="password"
            required=""
            type="password"
            value="password"
          />
        </div>
        <div
          class="login-form-group"
        >
          <button
            data-testid="submit"
            type="submit"
          >
            Login
          </button>
        </div>
      </form>
    </div>
  </div>,
  "debug": [Function],
  "findAllByAltText": [Function],
  "findAllByDisplayValue": [Function],
  "findAllByLabelText": [Function],
  "findAllByPlaceholderText": [Function],
  "findAllByRole": [Function],
  "findAllByTestId": [Function],
  "findAllByText": [Function],
  "findAllByTitle": [Function],
  "findByAltText": [Function],
  "findByDisplayValue": [Function],
  "findByLabelText": [Function],
  "findByPlaceholderText": [Function],
  "findByRole": [Function],
  "findByTestId": [Function],
  "findByText": [Function],
  "findByTitle": [Function],
  "getAllByAltText": [Function],
  "getAllByDisplayValue": [Function],
  "getAllByLabelText": [Function],
  "getAllByPlaceholderText": [Function],
  "getAllByRole": [Function],
  "getAllByTestId": [Function],
  "getAllByText": [Function],
  "getAllByTitle": [Function],
  "getByAltText": [Function],
  "getByDisplayValue": [Function],
  "getByLabelText": [Function],
  "getByPlaceholderText": [Function],
  "getByRole": [Function],
  "getByTestId": [Function],
  "getByText": [Function],
  "getByTitle": [Function],
  "queryAllByAltText": [Function],
  "queryAllByDisplayValue": [Function],
  "queryAllByLabelText": [Function],
  "queryAllByPlaceholderText": [Function],
  "queryAllByRole": [Function],
  "queryAllByTestId": [Function],
  "queryAllByText": [Function],
  "queryAllByTitle": [Function],
  "queryByAltText": [Function],
  "queryByDisplayValue": [Function],
  "queryByLabelText": [Function],
  "queryByPlaceholderText": [Function],
  "queryByRole": [Function],
  "queryByTestId": [Function],
  "queryByText": [Function],
  "queryByTitle": [Function],
  "rerender": [Function],
  "unmount": [Function],
}
`;
